
========================================
  Miracle Boot v7.2.0 Launcher
========================================

SAFETY WARNING: You are running from a live Windows OS drive C:
Destructive boot repairs can brick the system if misused.
To continue, type BRICKME and press Enter. Otherwise, press Ctrl+C to abort.

Aborting by user choice. No changes made.
